1: to few arguemts passed in command line
2: file does not exist or you do not have permission to read the file
3: malloc failed for data struct
4: could not get a file descriptor for the infile or for outfile
5: error allocating processe rows
6: error allocating processes cols
7: error allocating pipes rows
8: error allocating pipes cols
9: error creating pipes
10: failed to create forks
11: child did not execute. cmd unknown or no permission
12: failed to create pids for fork
13: faild to join string for execution command
14: failed to create here_doc file
15: exceded max input for limiter using here_doc
16: error creating here_doc
17: unknown command or no permission